{
  "output": "/tmp/ferrocut-motion-repro-20261008/stabilized.timeline.json",
  "dry_run": false,
  "written": true,
  "changes": [
    {
      "op": 0,
      "kind": "set_keyframes",
      "summary": "source transform.position.x: null -> {\"keyframes\":[{\"t\":\"0\",\"v\":\"384\"},{\"t\":\"1/16\",\"v\":\"380\"},{\"t\":\"1/8\",\"v\":\"376\"},{\"t\":\"3/16\",\"v\":\"372\"},{\"t\":\"1/4\",\"v\":\"368\"},{\"t\":\"5/16\",\"v\":\"364\"},{\"t\":\"3/8\",\"v\":\"360\"},{\"t\":\"7/16\",\"v\":\"356\"},{\"t\":\"1/2\",\"v\":\"352\"},{\"t\":\"9/16\",\"v\":\"348\"},{\"t\":\"5/8\",\"v\":\"344\"},{\"t\":\"11/16\",\"v\":\"340\"},{\"t\":\"3/4\",\"v\":\"336\"},{\"t\":\"13/16\",\"v\":\"332\"},{\"t\":\"7/8\",\"v\":\"328\"},{\"t\":\"15/16\",\"v\":\"324\"},{\"t\":\"1\",\"v\":\"320\"},{\"t\":\"17/16\",\"v\":\"316\"},{\"t\":\"9/8\",\"v\":\"312\"},{\"t\":\"19/16\",\"v\":\"308\"},{\"t\":\"5/4\",\"v\":\"304\"},{\"t\":\"21/16\",\"v\":\"300\"},{\"t\":\"11/8\",\"v\":\"296\"},{\"t\":\"23/16\",\"v\":\"292\"},{\"t\":\"3/2\",\"v\":\"288\"},{\"t\":\"25/16\",\"v\":\"284\"},{\"t\":\"13/8\",\"v\":\"280\"},{\"t\":\"27/16\",\"v\":\"276\"},{\"t\":\"7/4\",\"v\":\"272\"},{\"t\":\"29/16\",\"v\":\"268\"},{\"t\":\"15/8\",\"v\":\"264\"},{\"t\":\"31/16\",\"v\":\"260\"}]}",
      "span": [
        "0",
        "2"
      ]
    },
    {
      "op": 1,
      "kind": "set_keyframes",
      "summary": "source transform.position.y: \"180\" -> {\"keyframes\":[{\"t\":\"0\",\"v\":\"212\"},{\"t\":\"1/16\",\"v\":\"210\"},{\"t\":\"1/8\",\"v\":\"208\"},{\"t\":\"3/16\",\"v\":\"206\"},{\"t\":\"1/4\",\"v\":\"204\"},{\"t\":\"5/16\",\"v\":\"202\"},{\"t\":\"3/8\",\"v\":\"200\"},{\"t\":\"7/16\",\"v\":\"198\"},{\"t\":\"1/2\",\"v\":\"196\"},{\"t\":\"9/16\",\"v\":\"194\"},{\"t\":\"5/8\",\"v\":\"192\"},{\"t\":\"11/16\",\"v\":\"190\"},{\"t\":\"3/4\",\"v\":\"188\"},{\"t\":\"13/16\",\"v\":\"186\"},{\"t\":\"7/8\",\"v\":\"184\"},{\"t\":\"15/16\",\"v\":\"182\"},{\"t\":\"1\",\"v\":\"180\"},{\"t\":\"17/16\",\"v\":\"178\"},{\"t\":\"9/8\",\"v\":\"176\"},{\"t\":\"19/16\",\"v\":\"174\"},{\"t\":\"5/4\",\"v\":\"172\"},{\"t\":\"21/16\",\"v\":\"170\"},{\"t\":\"11/8\",\"v\":\"168\"},{\"t\":\"23/16\",\"v\":\"166\"},{\"t\":\"3/2\",\"v\":\"164\"},{\"t\":\"25/16\",\"v\":\"162\"},{\"t\":\"13/8\",\"v\":\"160\"},{\"t\":\"27/16\",\"v\":\"158\"},{\"t\":\"7/4\",\"v\":\"156\"},{\"t\":\"29/16\",\"v\":\"154\"},{\"t\":\"15/8\",\"v\":\"152\"},{\"t\":\"31/16\",\"v\":\"150\"}]}",
      "span": [
        "0",
        "2"
      ]
    },
    {
      "op": 2,
      "kind": "set_param",
      "summary": "reticle opacity: \"1\" -> \"0\"",
      "span": [
        "0",
        "2"
      ]
    },
    {
      "op": 3,
      "kind": "set_param",
      "summary": "title generator.text.content: \"MOTION, UNDER CONTROL.\" -> \"TRANSLATION, STABILIZED.\"",
      "span": [
        "0",
        "2"
      ]
    }
  ],
  "before": "16cca074c63f5bb2b99759aa8e91524199e011f4cd55de0bed7c616502838d78",
  "after": "d4f6eb991ac31dc1e337bf559841c230d0689211183e038c7b70747f6985bb51",
  "journal_seq": 1,
  "sources_absolutized": false
}
