{
  "output": "/tmp/ferrocut-motion-repro-20261008/timeline.json",
  "dry_run": false,
  "written": true,
  "changes": [
    {
      "op": 0,
      "kind": "set_keyframes",
      "summary": "reticle transform.position.x: null -> {\"keyframes\":[{\"t\":\"0\",\"v\":\"320\"},{\"t\":\"1/16\",\"v\":\"324\"},{\"t\":\"1/8\",\"v\":\"328\"},{\"t\":\"3/16\",\"v\":\"332\"},{\"t\":\"1/4\",\"v\":\"336\"},{\"t\":\"5/16\",\"v\":\"340\"},{\"t\":\"3/8\",\"v\":\"344\"},{\"t\":\"7/16\",\"v\":\"348\"},{\"t\":\"1/2\",\"v\":\"352\"},{\"t\":\"9/16\",\"v\":\"356\"},{\"t\":\"5/8\",\"v\":\"360\"},{\"t\":\"11/16\",\"v\":\"364\"},{\"t\":\"3/4\",\"v\":\"368\"},{\"t\":\"13/16\",\"v\":\"372\"},{\"t\":\"7/8\",\"v\":\"376\"},{\"t\":\"15/16\",\"v\":\"380\"},{\"t\":\"1\",\"v\":\"384\"},{\"t\":\"17/16\",\"v\":\"388\"},{\"t\":\"9/8\",\"v\":\"392\"},{\"t\":\"19/16\",\"v\":\"396\"},{\"t\":\"5/4\",\"v\":\"400\"},{\"t\":\"21/16\",\"v\":\"404\"},{\"t\":\"11/8\",\"v\":\"408\"},{\"t\":\"23/16\",\"v\":\"412\"},{\"t\":\"3/2\",\"v\":\"416\"},{\"t\":\"25/16\",\"v\":\"420\"},{\"t\":\"13/8\",\"v\":\"424\"},{\"t\":\"27/16\",\"v\":\"428\"},{\"t\":\"7/4\",\"v\":\"432\"},{\"t\":\"29/16\",\"v\":\"436\"},{\"t\":\"15/8\",\"v\":\"440\"},{\"t\":\"31/16\",\"v\":\"444\"}]}",
      "span": [
        "0",
        "2"
      ]
    },
    {
      "op": 1,
      "kind": "set_keyframes",
      "summary": "reticle transform.position.y: \"180\" -> {\"keyframes\":[{\"t\":\"0\",\"v\":\"180\"},{\"t\":\"1/16\",\"v\":\"182\"},{\"t\":\"1/8\",\"v\":\"184\"},{\"t\":\"3/16\",\"v\":\"186\"},{\"t\":\"1/4\",\"v\":\"188\"},{\"t\":\"5/16\",\"v\":\"190\"},{\"t\":\"3/8\",\"v\":\"192\"},{\"t\":\"7/16\",\"v\":\"194\"},{\"t\":\"1/2\",\"v\":\"196\"},{\"t\":\"9/16\",\"v\":\"198\"},{\"t\":\"5/8\",\"v\":\"200\"},{\"t\":\"11/16\",\"v\":\"202\"},{\"t\":\"3/4\",\"v\":\"204\"},{\"t\":\"13/16\",\"v\":\"206\"},{\"t\":\"7/8\",\"v\":\"208\"},{\"t\":\"15/16\",\"v\":\"210\"},{\"t\":\"1\",\"v\":\"212\"},{\"t\":\"17/16\",\"v\":\"214\"},{\"t\":\"9/8\",\"v\":\"216\"},{\"t\":\"19/16\",\"v\":\"218\"},{\"t\":\"5/4\",\"v\":\"220\"},{\"t\":\"21/16\",\"v\":\"222\"},{\"t\":\"11/8\",\"v\":\"224\"},{\"t\":\"23/16\",\"v\":\"226\"},{\"t\":\"3/2\",\"v\":\"228\"},{\"t\":\"25/16\",\"v\":\"230\"},{\"t\":\"13/8\",\"v\":\"232\"},{\"t\":\"27/16\",\"v\":\"234\"},{\"t\":\"7/4\",\"v\":\"236\"},{\"t\":\"29/16\",\"v\":\"238\"},{\"t\":\"15/8\",\"v\":\"240\"},{\"t\":\"31/16\",\"v\":\"242\"}]}",
      "span": [
        "0",
        "2"
      ]
    }
  ],
  "before": "a199bf4e1ab0323f4b490a761d25c1a58e9b5f02e1c7d338ad24f9844d0cad15",
  "after": "16cca074c63f5bb2b99759aa8e91524199e011f4cd55de0bed7c616502838d78",
  "journal_seq": 1,
  "sources_absolutized": false,
  "render": {
    "total_chunks": 2,
    "total_frames": 32,
    "chunk_frames": 16,
    "dirty_chunks": [
      0,
      1
    ],
    "dirty_frames": 32,
    "reused_chunks": 0,
    "ranges": [
      {
        "start_frame": 0,
        "end_frame": 32,
        "start": "0",
        "end": "2"
      }
    ],
    "audio": "audio is re-mixed on every render (not chunk-cached)"
  }
}
